Component: ARM Compiler 5.06 update 6 (build 750) Tool: armlink [4d35ed]

==============================================================================

Section Cross References

    main.o(i.init) refers to joystick.o(i.Joystick_Init) for Joystick_Init
    main.o(i.init) refers to joystick.o(i.Motor_Controller_Init) for Motor_Controller_Init
    main.o(i.init) refers to joystick.o(i.LED_Init) for LED_Init
    main.o(i.init) refers to pwm.o(i.PWM_Init) for PWM_Init
    main.o(i.init) refers to timer.o(i.Timer_Init) for Timer_Init
    main.o(i.init) refers to ultrasonic.o(i.Ultrasonic_Trigger_Timer_Init) for Ultrasonic_Trigger_Timer_Init
    main.o(i.init) refers to ultrasonic.o(i.Ultrasonic_Capture_Timer_Init) for Ultrasonic_Capture_Timer_Init
    main.o(i.init) refers to ultrasonic.o(i.Ultrasonic_Start_Trigger) for Ultrasonic_Start_Trigger
    main.o(i.init) refers to adc.o(i.ADC_Init) for ADC_Init
    main.o(i.init) refers to joystick.o(i.stop) for stop
    main.o(i.init) refers to joystick.o(i.turnOffLeds) for turnOffLeds
    main.o(i.init) refers to external.o(.data) for currentMode
    main.o(i.init) refers to main.o(.data) for turning
    main.o(i.main) refers to main.o(i.init) for init
    main.o(i.main) refers to main.o(i.update) for update
    main.o(i.update) refers to adc.o(i.Trimpot_Read) for Trimpot_Read
    main.o(i.update) refers to adc.o(i.LDR_Left_Read) for LDR_Left_Read
    main.o(i.update) refers to adc.o(i.LDR_Right_Read) for LDR_Right_Read
    main.o(i.update) refers to joystick.o(i.Push_Button_Pressed) for Push_Button_Pressed
    main.o(i.update) refers to joystick.o(i.stop) for stop
    main.o(i.update) refers to joystick.o(i.turnOffLeds) for turnOffLeds
    main.o(i.update) refers to joystick.o(i.backward) for backward
    main.o(i.update) refers to joystick.o(i.backLeds) for backLeds
    main.o(i.update) refers to joystick.o(i.forward) for forward
    main.o(i.update) refers to joystick.o(i.frontLeds) for frontLeds
    main.o(i.update) refers to joystick.o(i.Joystick_Up_Pressed) for Joystick_Up_Pressed
    main.o(i.update) refers to joystick.o(i.Joystick_Down_Pressed) for Joystick_Down_Pressed
    main.o(i.update) refers to joystick.o(i.Joystick_Left_Pressed) for Joystick_Left_Pressed
    main.o(i.update) refers to joystick.o(i.Joystick_Right_Pressed) for Joystick_Right_Pressed
    main.o(i.update) refers to joystick.o(i.Joystick_Center_Pressed) for Joystick_Center_Pressed
    main.o(i.update) refers to joystick.o(i.leftBackward) for leftBackward
    main.o(i.update) refers to joystick.o(i.rightBackward) for rightBackward
    main.o(i.update) refers to pwm.o(i.PWM_Left) for PWM_Left
    main.o(i.update) refers to pwm.o(i.PWM_Right) for PWM_Right
    main.o(i.update) refers to joystick.o(i.leftLeds) for leftLeds
    main.o(i.update) refers to joystick.o(i.rightLeds) for rightLeds
    main.o(i.update) refers to adc.o(.data) for trimpot
    main.o(i.update) refers to external.o(.data) for currentMode
    main.o(i.update) refers to main.o(.data) for turning
    main.o(i.update) refers to ultrasonic.o(.data) for ultrasonicSensorEdgeCount
    main.o(i.update) refers to joystick.o(.data) for forwardFlag
    main.o(i.update) refers to timer.o(.data) for ledState
    joystick.o(i.IN1_Write) refers to gpio.o(i.GPIO_PIN_Write) for GPIO_PIN_Write
    joystick.o(i.IN2_Write) refers to gpio.o(i.GPIO_PIN_Write) for GPIO_PIN_Write
    joystick.o(i.IN3_Write) refers to gpio.o(i.GPIO_PIN_Write) for GPIO_PIN_Write
    joystick.o(i.IN4_Write) refers to gpio.o(i.GPIO_PIN_Write) for GPIO_PIN_Write
    joystick.o(i.Joystick_Center_Pressed) refers to gpio.o(i.GPIO_PIN_Read) for GPIO_PIN_Read
    joystick.o(i.Joystick_Down_Pressed) refers to gpio.o(i.GPIO_PIN_Read) for GPIO_PIN_Read
    joystick.o(i.Joystick_Init) refers to gpio.o(i.GPIO_DIR_Write) for GPIO_DIR_Write
    joystick.o(i.Joystick_Left_Pressed) refers to gpio.o(i.GPIO_PIN_Read) for GPIO_PIN_Read
    joystick.o(i.Joystick_Right_Pressed) refers to gpio.o(i.GPIO_PIN_Read) for GPIO_PIN_Read
    joystick.o(i.Joystick_Up_Pressed) refers to gpio.o(i.GPIO_PIN_Read) for GPIO_PIN_Read
    joystick.o(i.LED1_Write) refers to gpio.o(i.GPIO_PIN_Write) for GPIO_PIN_Write
    joystick.o(i.LED2_Write) refers to gpio.o(i.GPIO_PIN_Write) for GPIO_PIN_Write
    joystick.o(i.LED3_Write) refers to gpio.o(i.GPIO_PIN_Write) for GPIO_PIN_Write
    joystick.o(i.LED4_Write) refers to gpio.o(i.GPIO_PIN_Write) for GPIO_PIN_Write
    joystick.o(i.LED_Init) refers to gpio.o(i.GPIO_DIR_Write) for GPIO_DIR_Write
    joystick.o(i.Motor_Controller_Init) refers to gpio.o(i.GPIO_DIR_Write) for GPIO_DIR_Write
    joystick.o(i.Push_Button_Pressed) refers to gpio.o(i.GPIO_PIN_Read) for GPIO_PIN_Read
    joystick.o(i.backLeds) refers to joystick.o(i.LED1_Write) for LED1_Write
    joystick.o(i.backLeds) refers to joystick.o(i.LED2_Write) for LED2_Write
    joystick.o(i.backLeds) refers to joystick.o(i.LED3_Write) for LED3_Write
    joystick.o(i.backLeds) refers to joystick.o(i.LED4_Write) for LED4_Write
    joystick.o(i.backLeds) refers to joystick.o(.data) for forwardFlag
    joystick.o(i.backward) refers to joystick.o(i.leftBackward) for leftBackward
    joystick.o(i.backward) refers to joystick.o(i.rightBackward) for rightBackward
    joystick.o(i.forward) refers to joystick.o(i.leftForward) for leftForward
    joystick.o(i.forward) refers to joystick.o(i.rightForward) for rightForward
    joystick.o(i.frontLeds) refers to joystick.o(i.LED1_Write) for LED1_Write
    joystick.o(i.frontLeds) refers to joystick.o(i.LED2_Write) for LED2_Write
    joystick.o(i.frontLeds) refers to joystick.o(i.LED3_Write) for LED3_Write
    joystick.o(i.frontLeds) refers to joystick.o(i.LED4_Write) for LED4_Write
    joystick.o(i.frontLeds) refers to joystick.o(.data) for forwardFlag
    joystick.o(i.leftBackward) refers to joystick.o(i.IN1_Write) for IN1_Write
    joystick.o(i.leftBackward) refers to joystick.o(i.IN2_Write) for IN2_Write
    joystick.o(i.leftForward) refers to joystick.o(i.IN1_Write) for IN1_Write
    joystick.o(i.leftForward) refers to joystick.o(i.IN2_Write) for IN2_Write
    joystick.o(i.leftLeds) refers to joystick.o(i.LED1_Write) for LED1_Write
    joystick.o(i.leftLeds) refers to joystick.o(i.LED2_Write) for LED2_Write
    joystick.o(i.leftLeds) refers to joystick.o(i.LED3_Write) for LED3_Write
    joystick.o(i.leftLeds) refers to joystick.o(i.LED4_Write) for LED4_Write
    joystick.o(i.leftLeds) refers to joystick.o(.data) for forwardFlag
    joystick.o(i.leftStop) refers to joystick.o(i.IN1_Write) for IN1_Write
    joystick.o(i.leftStop) refers to joystick.o(i.IN2_Write) for IN2_Write
    joystick.o(i.rightBackward) refers to joystick.o(i.IN3_Write) for IN3_Write
    joystick.o(i.rightBackward) refers to joystick.o(i.IN4_Write) for IN4_Write
    joystick.o(i.rightForward) refers to joystick.o(i.IN3_Write) for IN3_Write
    joystick.o(i.rightForward) refers to joystick.o(i.IN4_Write) for IN4_Write
    joystick.o(i.rightLeds) refers to joystick.o(i.LED1_Write) for LED1_Write
    joystick.o(i.rightLeds) refers to joystick.o(i.LED2_Write) for LED2_Write
    joystick.o(i.rightLeds) refers to joystick.o(i.LED3_Write) for LED3_Write
    joystick.o(i.rightLeds) refers to joystick.o(i.LED4_Write) for LED4_Write
    joystick.o(i.rightLeds) refers to joystick.o(.data) for forwardFlag
    joystick.o(i.rightStop) refers to joystick.o(i.IN3_Write) for IN3_Write
    joystick.o(i.rightStop) refers to joystick.o(i.IN4_Write) for IN4_Write
    joystick.o(i.stop) refers to joystick.o(i.leftStop) for leftStop
    joystick.o(i.stop) refers to joystick.o(i.rightStop) for rightStop
    joystick.o(i.turnOffLeds) refers to joystick.o(i.LED1_Write) for LED1_Write
    joystick.o(i.turnOffLeds) refers to joystick.o(i.LED2_Write) for LED2_Write
    joystick.o(i.turnOffLeds) refers to joystick.o(i.LED3_Write) for LED3_Write
    joystick.o(i.turnOffLeds) refers to joystick.o(i.LED4_Write) for LED4_Write
    joystick.o(i.turnOffLeds) refers to joystick.o(.data) for forwardFlag
    pwm.o(i.PWM_Init) refers to pwm.o(i.PWM_Left) for PWM_Left
    pwm.o(i.PWM_Init) refers to pwm.o(i.PWM_Right) for PWM_Right
    timer.o(i.TIMER0_IRQHandler) refers to timer.o(.data) for ledState
    ultrasonic.o(i.TIMER2_IRQHandler) refers to ultrasonic.o(i.__NVIC_ClearPendingIRQ) for __NVIC_ClearPendingIRQ
    ultrasonic.o(i.TIMER2_IRQHandler) refers to ultrasonic.o(i.__NVIC_EnableIRQ) for __NVIC_EnableIRQ
    ultrasonic.o(i.TIMER2_IRQHandler) refers to ultrasonic.o(.data) for isUltrasonicSensorTriggerEnded
    ultrasonic.o(i.TIMER3_IRQHandler) refers to ultrasonic.o(i.__NVIC_ClearPendingIRQ) for __NVIC_ClearPendingIRQ
    ultrasonic.o(i.TIMER3_IRQHandler) refers to ultrasonic.o(.data) for ultrasonicSensorEdgeCount
    ultrasonic.o(i.Ultrasonic_Trigger_Timer_Init) refers to ultrasonic.o(i.__NVIC_EnableIRQ) for __NVIC_EnableIRQ
    ultrasonic.o(i.Ultrasonic_Trigger_Timer_Init) refers to ultrasonic.o(i.__NVIC_ClearPendingIRQ) for __NVIC_ClearPendingIRQ
    external.o(i.EINT0_IRQHandler) refers to external.o(.data) for currentMode
    adc.o(i.LDR_Left_Read) refers to adc.o(i.ADC_Start) for ADC_Start
    adc.o(i.LDR_Left_Read) refers to adc.o(i.ADC_Stop) for ADC_Stop
    adc.o(i.LDR_Right_Read) refers to adc.o(i.ADC_Start) for ADC_Start
    adc.o(i.LDR_Right_Read) refers to adc.o(i.ADC_Stop) for ADC_Stop
    adc.o(i.Trimpot_Read) refers to adc.o(i.ADC_Start) for ADC_Start
    adc.o(i.Trimpot_Read) refers to adc.o(i.ADC_Stop) for ADC_Stop
    startup_lpc407x_8x_177x_8x.o(RESET) refers to startup_lpc407x_8x_177x_8x.o(STACK) for __initial_sp
    startup_lpc407x_8x_177x_8x.o(RESET) refers to startup_lpc407x_8x_177x_8x.o(.text) for Reset_Handler
    startup_lpc407x_8x_177x_8x.o(RESET) refers to timer.o(i.TIMER0_IRQHandler) for TIMER0_IRQHandler
    startup_lpc407x_8x_177x_8x.o(RESET) refers to ultrasonic.o(i.TIMER2_IRQHandler) for TIMER2_IRQHandler
    startup_lpc407x_8x_177x_8x.o(RESET) refers to ultrasonic.o(i.TIMER3_IRQHandler) for TIMER3_IRQHandler
    startup_lpc407x_8x_177x_8x.o(RESET) refers to external.o(i.EINT0_IRQHandler) for EINT0_IRQHandler
    startup_lpc407x_8x_177x_8x.o(.text) refers to system_lpc407x_8x_177x_8x.o(i.SystemInit) for SystemInit
    startup_lpc407x_8x_177x_8x.o(.text) refers to entry.o(.ARM.Collect$$$$00000000) for __main
    system_lpc407x_8x_177x_8x.o(i.SystemCoreClockUpdate) refers to system_lpc407x_8x_177x_8x.o(.data) for SystemCoreClock
    system_lpc407x_8x_177x_8x.o(i.SystemInit) refers to system_lpc407x_8x_177x_8x.o(i.fpu_init) for fpu_init
    system_lpc407x_8x_177x_8x.o(i.SystemInit) refers to system_lpc407x_8x_177x_8x.o(i.SystemCoreClockUpdate) for SystemCoreClockUpdate
    entry.o(.ARM.Collect$$$$00000000) refers (Special) to entry10a.o(.ARM.Collect$$$$0000000D) for __rt_final_cpp
    entry.o(.ARM.Collect$$$$00000000) refers (Special) to entry11a.o(.ARM.Collect$$$$0000000F) for __rt_final_exit
    entry.o(.ARM.Collect$$$$00000000) refers (Special) to entry7b.o(.ARM.Collect$$$$00000008) for _main_clock
    entry.o(.ARM.Collect$$$$00000000) refers (Special) to entry8b.o(.ARM.Collect$$$$0000000A) for _main_cpp_init
    entry.o(.ARM.Collect$$$$00000000) refers (Special) to entry9a.o(.ARM.Collect$$$$0000000B) for _main_init
    entry.o(.ARM.Collect$$$$00000000) refers (Special) to entry5.o(.ARM.Collect$$$$00000004) for _main_scatterload
    entry.o(.ARM.Collect$$$$00000000) refers (Special) to entry2.o(.ARM.Collect$$$$00000001) for _main_stk
    entry2.o(.ARM.Collect$$$$00000001) refers to entry2.o(.ARM.Collect$$$$00002712) for __lit__00000000
    entry2.o(.ARM.Collect$$$$00002712) refers to startup_lpc407x_8x_177x_8x.o(STACK) for __initial_sp
    entry2.o(__vectab_stack_and_reset_area) refers to startup_lpc407x_8x_177x_8x.o(STACK) for __initial_sp
    entry2.o(__vectab_stack_and_reset_area) refers to entry.o(.ARM.Collect$$$$00000000) for __main
    entry5.o(.ARM.Collect$$$$00000004) refers to init.o(.text) for __scatterload
    entry9a.o(.ARM.Collect$$$$0000000B) refers to main.o(i.main) for main
    entry9b.o(.ARM.Collect$$$$0000000C) refers to main.o(i.main) for main
    init.o(.text) refers to entry5.o(.ARM.Collect$$$$00000004) for __main_after_scatterload


==============================================================================

Removing Unused input sections from the image.

    Removing main.o(.rev16_text), (4 bytes).
    Removing main.o(.revsh_text), (4 bytes).
    Removing main.o(.rrx_text), (6 bytes).
    Removing gpio.o(.rev16_text), (4 bytes).
    Removing gpio.o(.revsh_text), (4 bytes).
    Removing gpio.o(.rrx_text), (6 bytes).
    Removing joystick.o(.rev16_text), (4 bytes).
    Removing joystick.o(.revsh_text), (4 bytes).
    Removing joystick.o(.rrx_text), (6 bytes).
    Removing pwm.o(.rev16_text), (4 bytes).
    Removing pwm.o(.revsh_text), (4 bytes).
    Removing pwm.o(.rrx_text), (6 bytes).
    Removing timer.o(.rev16_text), (4 bytes).
    Removing timer.o(.revsh_text), (4 bytes).
    Removing timer.o(.rrx_text), (6 bytes).
    Removing ultrasonic.o(.rev16_text), (4 bytes).
    Removing ultrasonic.o(.revsh_text), (4 bytes).
    Removing ultrasonic.o(.rrx_text), (6 bytes).
    Removing external.o(.rev16_text), (4 bytes).
    Removing external.o(.revsh_text), (4 bytes).
    Removing external.o(.rrx_text), (6 bytes).
    Removing external.o(i.External_Init), (72 bytes).
    Removing adc.o(.rev16_text), (4 bytes).
    Removing adc.o(.revsh_text), (4 bytes).
    Removing adc.o(.rrx_text), (6 bytes).
    Removing startup_lpc407x_8x_177x_8x.o(HEAP), (0 bytes).
    Removing system_lpc407x_8x_177x_8x.o(.rev16_text), (4 bytes).
    Removing system_lpc407x_8x_177x_8x.o(.revsh_text), (4 bytes).
    Removing system_lpc407x_8x_177x_8x.o(.rrx_text), (6 bytes).

29 unused section(s) (total 198 bytes) removed from the image.

==============================================================================

Image Symbol Table

    Local Symbols

    Symbol Name                              Value     Ov Type        Size  Object(Section)

    RESET                                    0x00000000   Section      228  startup_lpc407x_8x_177x_8x.o(RESET)
    ../clib/microlib/init/entry.s            0x00000000   Number         0  entry8a.o ABSOLUTE
    ../clib/microlib/init/entry.s            0x00000000   Number         0  entry.o ABSOLUTE
    ../clib/microlib/init/entry.s            0x00000000   Number         0  entry2.o ABSOLUTE
    ../clib/microlib/init/entry.s            0x00000000   Number         0  entry11b.o ABSOLUTE
    ../clib/microlib/init/entry.s            0x00000000   Number         0  entry5.o ABSOLUTE
    ../clib/microlib/init/entry.s            0x00000000   Number         0  entry11a.o ABSOLUTE
    ../clib/microlib/init/entry.s            0x00000000   Number         0  entry10b.o ABSOLUTE
    ../clib/microlib/init/entry.s            0x00000000   Number         0  entry7a.o ABSOLUTE
    ../clib/microlib/init/entry.s            0x00000000   Number         0  entry10a.o ABSOLUTE
    ../clib/microlib/init/entry.s            0x00000000   Number         0  entry9b.o ABSOLUTE
    ../clib/microlib/init/entry.s            0x00000000   Number         0  entry7b.o ABSOLUTE
    ../clib/microlib/init/entry.s            0x00000000   Number         0  entry9a.o ABSOLUTE
    ../clib/microlib/init/entry.s            0x00000000   Number         0  entry8b.o ABSOLUTE
    Library\ADC.c                            0x00000000   Number         0  adc.o ABSOLUTE
    Library\External.c                       0x00000000   Number         0  external.o ABSOLUTE
    Library\GPIO.c                           0x00000000   Number         0  gpio.o ABSOLUTE
    Library\Joystick.c                       0x00000000   Number         0  joystick.o ABSOLUTE
    Library\PWM.c                            0x00000000   Number         0  pwm.o ABSOLUTE
    Library\Timer.c                          0x00000000   Number         0  timer.o ABSOLUTE
    Library\Ultrasonic.c                     0x00000000   Number         0  ultrasonic.o ABSOLUTE
    Library\\ADC.c                           0x00000000   Number         0  adc.o ABSOLUTE
    Library\\External.c                      0x00000000   Number         0  external.o ABSOLUTE
    Library\\GPIO.c                          0x00000000   Number         0  gpio.o ABSOLUTE
    Library\\Joystick.c                      0x00000000   Number         0  joystick.o ABSOLUTE
    Library\\PWM.c                           0x00000000   Number         0  pwm.o ABSOLUTE
    Library\\Timer.c                         0x00000000   Number         0  timer.o ABSOLUTE
    Library\\Ultrasonic.c                    0x00000000   Number         0  ultrasonic.o ABSOLUTE
    RTE\Device\LPC4088FET208\startup_LPC407x_8x_177x_8x.s 0x00000000   Number         0  startup_lpc407x_8x_177x_8x.o ABSOLUTE
    RTE\Device\LPC4088FET208\system_LPC407x_8x_177x_8x.c 0x00000000   Number         0  system_lpc407x_8x_177x_8x.o ABSOLUTE
    RTE\\Device\\LPC4088FET208\\system_LPC407x_8x_177x_8x.c 0x00000000   Number         0  system_lpc407x_8x_177x_8x.o ABSOLUTE
    dc.s                                     0x00000000   Number         0  dc.o ABSOLUTE
    handlers.s                               0x00000000   Number         0  handlers.o ABSOLUTE
    init.s                                   0x00000000   Number         0  init.o ABSOLUTE
    main.c                                   0x00000000   Number         0  main.o ABSOLUTE
    main.c                                   0x00000000   Number         0  main.o ABSOLUTE
    .ARM.Collect$$$$00000000                 0x000000e4   Section        0  entry.o(.ARM.Collect$$$$00000000)
    .ARM.Collect$$$$00000001                 0x000000e4   Section        4  entry2.o(.ARM.Collect$$$$00000001)
    .ARM.Collect$$$$00000004                 0x000000e8   Section        4  entry5.o(.ARM.Collect$$$$00000004)
    .ARM.Collect$$$$00000008                 0x000000ec   Section        0  entry7b.o(.ARM.Collect$$$$00000008)
    .ARM.Collect$$$$0000000A                 0x000000ec   Section        0  entry8b.o(.ARM.Collect$$$$0000000A)
    .ARM.Collect$$$$0000000B                 0x000000ec   Section        8  entry9a.o(.ARM.Collect$$$$0000000B)
    .ARM.Collect$$$$0000000D                 0x000000f4   Section        0  entry10a.o(.ARM.Collect$$$$0000000D)
    .ARM.Collect$$$$0000000F                 0x000000f4   Section        0  entry11a.o(.ARM.Collect$$$$0000000F)
    .ARM.Collect$$$$00002712                 0x000000f4   Section        4  entry2.o(.ARM.Collect$$$$00002712)
    __lit__00000000                          0x000000f4   Data           4  entry2.o(.ARM.Collect$$$$00002712)
    .text                                    0x000000f8   Section       36  startup_lpc407x_8x_177x_8x.o(.text)
    $v0                                      0x000000f8   Number         0  startup_lpc407x_8x_177x_8x.o(.text)
    .text                                    0x0000011c   Section       36  init.o(.text)
    i.ADC_Init                               0x00000140   Section        0  adc.o(i.ADC_Init)
    i.ADC_Start                              0x000001cc   Section        0  adc.o(i.ADC_Start)
    i.ADC_Stop                               0x000001e0   Section        0  adc.o(i.ADC_Stop)
    i.EINT0_IRQHandler                       0x000001f8   Section        0  external.o(i.EINT0_IRQHandler)
    i.GPIO_DIR_Write                         0x00000228   Section        0  gpio.o(i.GPIO_DIR_Write)
    i.GPIO_PIN_Read                          0x0000023a   Section        0  gpio.o(i.GPIO_PIN_Read)
    i.GPIO_PIN_Write                         0x00000244   Section        0  gpio.o(i.GPIO_PIN_Write)
    i.IN1_Write                              0x00000258   Section        0  joystick.o(i.IN1_Write)
    i.IN2_Write                              0x0000026c   Section        0  joystick.o(i.IN2_Write)
    i.IN3_Write                              0x00000284   Section        0  joystick.o(i.IN3_Write)
    i.IN4_Write                              0x00000298   Section        0  joystick.o(i.IN4_Write)
    i.Joystick_Center_Pressed                0x000002ac   Section        0  joystick.o(i.Joystick_Center_Pressed)
    i.Joystick_Down_Pressed                  0x000002c4   Section        0  joystick.o(i.Joystick_Down_Pressed)
    i.Joystick_Left_Pressed                  0x000002dc   Section        0  joystick.o(i.Joystick_Left_Pressed)
    i.__scatterload_null                     0x000002f4   Section        2  handlers.o(i.__scatterload_null)
    .ARM.__at_0x02FC                         0x000002fc   Section        4  startup_lpc407x_8x_177x_8x.o(.ARM.__at_0x02FC)
    i.Joystick_Init                          0x00000300   Section        0  joystick.o(i.Joystick_Init)
    i.Joystick_Right_Pressed                 0x0000033c   Section        0  joystick.o(i.Joystick_Right_Pressed)
    i.Joystick_Up_Pressed                    0x00000354   Section        0  joystick.o(i.Joystick_Up_Pressed)
    i.LDR_Left_Read                          0x0000036c   Section        0  adc.o(i.LDR_Left_Read)
    i.LDR_Right_Read                         0x000003bc   Section        0  adc.o(i.LDR_Right_Read)
    i.LED1_Write                             0x0000040c   Section        0  joystick.o(i.LED1_Write)
    i.LED2_Write                             0x00000424   Section        0  joystick.o(i.LED2_Write)
    i.LED3_Write                             0x00000438   Section        0  joystick.o(i.LED3_Write)
    i.LED4_Write                             0x0000044c   Section        0  joystick.o(i.LED4_Write)
    i.LED_Init                               0x00000460   Section        0  joystick.o(i.LED_Init)
    i.Motor_Controller_Init                  0x00000490   Section        0  joystick.o(i.Motor_Controller_Init)
    i.PWM_Init                               0x000004c0   Section        0  pwm.o(i.PWM_Init)
    i.PWM_Left                               0x0000054c   Section        0  pwm.o(i.PWM_Left)
    i.PWM_Right                              0x0000057c   Section        0  pwm.o(i.PWM_Right)
    i.Push_Button_Pressed                    0x000005ac   Section        0  joystick.o(i.Push_Button_Pressed)
    i.SystemCoreClockUpdate                  0x000005c8   Section        0  system_lpc407x_8x_177x_8x.o(i.SystemCoreClockUpdate)
    i.SystemInit                             0x0000089c   Section        0  system_lpc407x_8x_177x_8x.o(i.SystemInit)
    i.TIMER0_IRQHandler                      0x00000988   Section        0  timer.o(i.TIMER0_IRQHandler)
    i.TIMER2_IRQHandler                      0x000009b8   Section        0  ultrasonic.o(i.TIMER2_IRQHandler)
    i.TIMER3_IRQHandler                      0x00000a0c   Section        0  ultrasonic.o(i.TIMER3_IRQHandler)
    i.Timer_Init                             0x00000a9c   Section        0  timer.o(i.Timer_Init)
    i.Trimpot_Read                           0x00000b64   Section        0  adc.o(i.Trimpot_Read)
    i.Ultrasonic_Capture_Timer_Init          0x00000bb4   Section        0  ultrasonic.o(i.Ultrasonic_Capture_Timer_Init)
    i.Ultrasonic_Start_Trigger               0x00000c14   Section        0  ultrasonic.o(i.Ultrasonic_Start_Trigger)
    i.Ultrasonic_Trigger_Timer_Init          0x00000c40   Section        0  ultrasonic.o(i.Ultrasonic_Trigger_Timer_Init)
    i.__NVIC_ClearPendingIRQ                 0x00000cd0   Section        0  ultrasonic.o(i.__NVIC_ClearPendingIRQ)
    __NVIC_ClearPendingIRQ                   0x00000cd1   Thumb Code    22  ultrasonic.o(i.__NVIC_ClearPendingIRQ)
    i.__NVIC_EnableIRQ                       0x00000cec   Section        0  ultrasonic.o(i.__NVIC_EnableIRQ)
    __NVIC_EnableIRQ                         0x00000ced   Thumb Code    26  ultrasonic.o(i.__NVIC_EnableIRQ)
    i.__scatterload_copy                     0x00000d06   Section       14  handlers.o(i.__scatterload_copy)
    i.__scatterload_zeroinit                 0x00000d14   Section       14  handlers.o(i.__scatterload_zeroinit)
    i.backLeds                               0x00000d24   Section        0  joystick.o(i.backLeds)
    i.backward                               0x00000d4c   Section        0  joystick.o(i.backward)
    i.forward                                0x00000d58   Section        0  joystick.o(i.forward)
    i.fpu_init                               0x00000d64   Section        0  system_lpc407x_8x_177x_8x.o(i.fpu_init)
    i.frontLeds                              0x00000db4   Section        0  joystick.o(i.frontLeds)
    i.init                                   0x00000ddc   Section        0  main.o(i.init)
    i.leftBackward                           0x00000e20   Section        0  joystick.o(i.leftBackward)
    i.leftForward                            0x00000e30   Section        0  joystick.o(i.leftForward)
    i.leftLeds                               0x00000e40   Section        0  joystick.o(i.leftLeds)
    i.leftStop                               0x00000e68   Section        0  joystick.o(i.leftStop)
    i.main                                   0x00000e78   Section        0  main.o(i.main)
    i.rightBackward                          0x00000e84   Section        0  joystick.o(i.rightBackward)
    i.rightForward                           0x00000e94   Section        0  joystick.o(i.rightForward)
    i.rightLeds                              0x00000ea4   Section        0  joystick.o(i.rightLeds)
    i.rightStop                              0x00000ecc   Section        0  joystick.o(i.rightStop)
    i.stop                                   0x00000edc   Section        0  joystick.o(i.stop)
    i.turnOffLeds                            0x00000ee8   Section        0  joystick.o(i.turnOffLeds)
    i.update                                 0x00000f10   Section        0  main.o(i.update)
    .data                                    0x10000000   Section        8  main.o(.data)
    turning                                  0x10000004   Data           4  main.o(.data)
    .data                                    0x10000008   Section        1  joystick.o(.data)
    .data                                    0x10000009   Section        1  timer.o(.data)
    .data                                    0x1000000c   Section       20  ultrasonic.o(.data)
    .data                                    0x10000020   Section        1  external.o(.data)
    .data                                    0x10000024   Section       12  adc.o(.data)
    .data                                    0x10000030   Section       16  system_lpc407x_8x_177x_8x.o(.data)
    STACK                                    0x10000040   Section     1024  startup_lpc407x_8x_177x_8x.o(STACK)

    Global Symbols

    Symbol Name                              Value     Ov Type        Size  Object(Section)

    BuildAttributes$$THM_ISAv4$E$P$D$K$B$S$7EM$VFPi3$EXTD16$VFPS$VFMA$PE$A:L22UL41UL21$X:L11$S22US41US21$IEEE1$IW$USESV6$~STKCKD$USESV7$~SHL$OSPACE$EBA8$MICROLIB$REQ8$PRES8$EABIv2 0x00000000   Number         0  anon$$obj.o ABSOLUTE
    __ARM_use_no_argv                        0x00000000   Number         0  main.o ABSOLUTE
    __Vectors                                0x00000000   Data           4  startup_lpc407x_8x_177x_8x.o(RESET)
    __cpp_initialize__aeabi_                  - Undefined Weak Reference
    __cxa_finalize                            - Undefined Weak Reference
    __decompress                              - Undefined Weak Reference
    _clock_init                               - Undefined Weak Reference
    _microlib_exit                            - Undefined Weak Reference
    __main                                   0x000000e5   Thumb Code     0  entry.o(.ARM.Collect$$$$00000000)
    _main_stk                                0x000000e5   Thumb Code     0  entry2.o(.ARM.Collect$$$$00000001)
    _main_scatterload                        0x000000e9   Thumb Code     0  entry5.o(.ARM.Collect$$$$00000004)
    __main_after_scatterload                 0x000000ed   Thumb Code     0  entry5.o(.ARM.Collect$$$$00000004)
    _main_clock                              0x000000ed   Thumb Code     0  entry7b.o(.ARM.Collect$$$$00000008)
    _main_cpp_init                           0x000000ed   Thumb Code     0  entry8b.o(.ARM.Collect$$$$0000000A)
    _main_init                               0x000000ed   Thumb Code     0  entry9a.o(.ARM.Collect$$$$0000000B)
    __rt_final_cpp                           0x000000f5   Thumb Code     0  entry10a.o(.ARM.Collect$$$$0000000D)
    __rt_final_exit                          0x000000f5   Thumb Code     0  entry11a.o(.ARM.Collect$$$$0000000F)
    Reset_Handler                            0x000000f9   Thumb Code     8  startup_lpc407x_8x_177x_8x.o(.text)
    NMI_Handler                              0x00000101   Thumb Code     2  startup_lpc407x_8x_177x_8x.o(.text)
    HardFault_Handler                        0x00000103   Thumb Code     2  startup_lpc407x_8x_177x_8x.o(.text)
    MemManage_Handler                        0x00000105   Thumb Code     2  startup_lpc407x_8x_177x_8x.o(.text)
    BusFault_Handler                         0x00000107   Thumb Code     2  startup_lpc407x_8x_177x_8x.o(.text)
    UsageFault_Handler                       0x00000109   Thumb Code     2  startup_lpc407x_8x_177x_8x.o(.text)
    SVC_Handler                              0x0000010b   Thumb Code     2  startup_lpc407x_8x_177x_8x.o(.text)
    DebugMon_Handler                         0x0000010d   Thumb Code     2  startup_lpc407x_8x_177x_8x.o(.text)
    PendSV_Handler                           0x0000010f   Thumb Code     2  startup_lpc407x_8x_177x_8x.o(.text)
    SysTick_Handler                          0x00000111   Thumb Code     2  startup_lpc407x_8x_177x_8x.o(.text)
    ADC_IRQHandler                           0x00000113   Thumb Code     0  startup_lpc407x_8x_177x_8x.o(.text)
    BOD_IRQHandler                           0x00000113   Thumb Code     0  startup_lpc407x_8x_177x_8x.o(.text)
    CANActivity_IRQHandler                   0x00000113   Thumb Code     0  startup_lpc407x_8x_177x_8x.o(.text)
    CAN_IRQHandler                           0x00000113   Thumb Code     0  startup_lpc407x_8x_177x_8x.o(.text)
    DMA_IRQHandler                           0x00000113   Thumb Code     0  startup_lpc407x_8x_177x_8x.o(.text)
    EEPROM_IRQHandler                        0x00000113   Thumb Code     0  startup_lpc407x_8x_177x_8x.o(.text)
    EINT1_IRQHandler                         0x00000113   Thumb Code     0  startup_lpc407x_8x_177x_8x.o(.text)
    EINT2_IRQHandler                         0x00000113   Thumb Code     0  startup_lpc407x_8x_177x_8x.o(.text)
    EINT3_IRQHandler                         0x00000113   Thumb Code     0  startup_lpc407x_8x_177x_8x.o(.text)
    ENET_IRQHandler                          0x00000113   Thumb Code     0  startup_lpc407x_8x_177x_8x.o(.text)
    GPIO_IRQHandler                          0x00000113   Thumb Code     0  startup_lpc407x_8x_177x_8x.o(.text)
    I2C0_IRQHandler                          0x00000113   Thumb Code     0  startup_lpc407x_8x_177x_8x.o(.text)
    I2C1_IRQHandler                          0x00000113   Thumb Code     0  startup_lpc407x_8x_177x_8x.o(.text)
    I2C2_IRQHandler                          0x00000113   Thumb Code     0  startup_lpc407x_8x_177x_8x.o(.text)
    I2S_IRQHandler                           0x00000113   Thumb Code     0  startup_lpc407x_8x_177x_8x.o(.text)
    LCD_IRQHandler                           0x00000113   Thumb Code     0  startup_lpc407x_8x_177x_8x.o(.text)
    MCI_IRQHandler                           0x00000113   Thumb Code     0  startup_lpc407x_8x_177x_8x.o(.text)
    MCPWM_IRQHandler                         0x00000113   Thumb Code     0  startup_lpc407x_8x_177x_8x.o(.text)
    PLL0_IRQHandler                          0x00000113   Thumb Code     0  startup_lpc407x_8x_177x_8x.o(.text)
    PLL1_IRQHandler                          0x00000113   Thumb Code     0  startup_lpc407x_8x_177x_8x.o(.text)
    PWM0_IRQHandler                          0x00000113   Thumb Code     0  startup_lpc407x_8x_177x_8x.o(.text)
    PWM1_IRQHandler                          0x00000113   Thumb Code     0  startup_lpc407x_8x_177x_8x.o(.text)
    QEI_IRQHandler                           0x00000113   Thumb Code     0  startup_lpc407x_8x_177x_8x.o(.text)
    RTC_IRQHandler                           0x00000113   Thumb Code     0  startup_lpc407x_8x_177x_8x.o(.text)
    SSP0_IRQHandler                          0x00000113   Thumb Code     0  startup_lpc407x_8x_177x_8x.o(.text)
    SSP1_IRQHandler                          0x00000113   Thumb Code     0  startup_lpc407x_8x_177x_8x.o(.text)
    SSP2_IRQHandler                          0x00000113   Thumb Code     0  startup_lpc407x_8x_177x_8x.o(.text)
    TIMER1_IRQHandler                        0x00000113   Thumb Code     0  startup_lpc407x_8x_177x_8x.o(.text)
    UART0_IRQHandler                         0x00000113   Thumb Code     0  startup_lpc407x_8x_177x_8x.o(.text)
    UART1_IRQHandler                         0x00000113   Thumb Code     0  startup_lpc407x_8x_177x_8x.o(.text)
    UART2_IRQHandler                         0x00000113   Thumb Code     0  startup_lpc407x_8x_177x_8x.o(.text)
    UART3_IRQHandler                         0x00000113   Thumb Code     0  startup_lpc407x_8x_177x_8x.o(.text)
    UART4_IRQHandler                         0x00000113   Thumb Code     0  startup_lpc407x_8x_177x_8x.o(.text)
    USBActivity_IRQHandler                   0x00000113   Thumb Code     0  startup_lpc407x_8x_177x_8x.o(.text)
    USB_IRQHandler                           0x00000113   Thumb Code     0  startup_lpc407x_8x_177x_8x.o(.text)
    WDT_IRQHandler                           0x00000113   Thumb Code     0  startup_lpc407x_8x_177x_8x.o(.text)
    __scatterload                            0x0000011d   Thumb Code    28  init.o(.text)
    __scatterload_rt2                        0x0000011d   Thumb Code     0  init.o(.text)
    ADC_Init                                 0x00000141   Thumb Code   122  adc.o(i.ADC_Init)
    ADC_Start                                0x000001cd   Thumb Code    16  adc.o(i.ADC_Start)
    ADC_Stop                                 0x000001e1   Thumb Code    20  adc.o(i.ADC_Stop)
    EINT0_IRQHandler                         0x000001f9   Thumb Code    36  external.o(i.EINT0_IRQHandler)
    GPIO_DIR_Write                           0x00000229   Thumb Code    18  gpio.o(i.GPIO_DIR_Write)
    GPIO_PIN_Read                            0x0000023b   Thumb Code    10  gpio.o(i.GPIO_PIN_Read)
    GPIO_PIN_Write                           0x00000245   Thumb Code    18  gpio.o(i.GPIO_PIN_Write)
    IN1_Write                                0x00000259   Thumb Code    16  joystick.o(i.IN1_Write)
    IN2_Write                                0x0000026d   Thumb Code    18  joystick.o(i.IN2_Write)
    IN3_Write                                0x00000285   Thumb Code    16  joystick.o(i.IN3_Write)
    IN4_Write                                0x00000299   Thumb Code    16  joystick.o(i.IN4_Write)
    Joystick_Center_Pressed                  0x000002ad   Thumb Code    20  joystick.o(i.Joystick_Center_Pressed)
    Joystick_Down_Pressed                    0x000002c5   Thumb Code    20  joystick.o(i.Joystick_Down_Pressed)
    Joystick_Left_Pressed                    0x000002dd   Thumb Code    20  joystick.o(i.Joystick_Left_Pressed)
    __scatterload_null                       0x000002f5   Thumb Code     2  handlers.o(i.__scatterload_null)
    Joystick_Init                            0x00000301   Thumb Code    54  joystick.o(i.Joystick_Init)
    Joystick_Right_Pressed                   0x0000033d   Thumb Code    20  joystick.o(i.Joystick_Right_Pressed)
    Joystick_Up_Pressed                      0x00000355   Thumb Code    20  joystick.o(i.Joystick_Up_Pressed)
    LDR_Left_Read                            0x0000036d   Thumb Code    74  adc.o(i.LDR_Left_Read)
    LDR_Right_Read                           0x000003bd   Thumb Code    74  adc.o(i.LDR_Right_Read)
    LED1_Write                               0x0000040d   Thumb Code    18  joystick.o(i.LED1_Write)
    LED2_Write                               0x00000425   Thumb Code    16  joystick.o(i.LED2_Write)
    LED3_Write                               0x00000439   Thumb Code    16  joystick.o(i.LED3_Write)
    LED4_Write                               0x0000044d   Thumb Code    16  joystick.o(i.LED4_Write)
    LED_Init                                 0x00000461   Thumb Code    44  joystick.o(i.LED_Init)
    Motor_Controller_Init                    0x00000491   Thumb Code    44  joystick.o(i.Motor_Controller_Init)
    PWM_Init                                 0x000004c1   Thumb Code   122  pwm.o(i.PWM_Init)
    PWM_Left                                 0x0000054d   Thumb Code    44  pwm.o(i.PWM_Left)
    PWM_Right                                0x0000057d   Thumb Code    44  pwm.o(i.PWM_Right)
    Push_Button_Pressed                      0x000005ad   Thumb Code    22  joystick.o(i.Push_Button_Pressed)
    SystemCoreClockUpdate                    0x000005c9   Thumb Code   696  system_lpc407x_8x_177x_8x.o(i.SystemCoreClockUpdate)
    SystemInit                               0x0000089d   Thumb Code   220  system_lpc407x_8x_177x_8x.o(i.SystemInit)
    TIMER0_IRQHandler                        0x00000989   Thumb Code    42  timer.o(i.TIMER0_IRQHandler)
    TIMER2_IRQHandler                        0x000009b9   Thumb Code    72  ultrasonic.o(i.TIMER2_IRQHandler)
    TIMER3_IRQHandler                        0x00000a0d   Thumb Code   124  ultrasonic.o(i.TIMER3_IRQHandler)
    Timer_Init                               0x00000a9d   Thumb Code   182  timer.o(i.Timer_Init)
    Trimpot_Read                             0x00000b65   Thumb Code    74  adc.o(i.Trimpot_Read)
    Ultrasonic_Capture_Timer_Init            0x00000bb5   Thumb Code    84  ultrasonic.o(i.Ultrasonic_Capture_Timer_Init)
    Ultrasonic_Start_Trigger                 0x00000c15   Thumb Code    38  ultrasonic.o(i.Ultrasonic_Start_Trigger)
    Ultrasonic_Trigger_Timer_Init            0x00000c41   Thumb Code   122  ultrasonic.o(i.Ultrasonic_Trigger_Timer_Init)
    __scatterload_copy                       0x00000d07   Thumb Code    14  handlers.o(i.__scatterload_copy)
    __scatterload_zeroinit                   0x00000d15   Thumb Code    14  handlers.o(i.__scatterload_zeroinit)
    backLeds                                 0x00000d25   Thumb Code    34  joystick.o(i.backLeds)
    backward                                 0x00000d4d   Thumb Code    12  joystick.o(i.backward)
    forward                                  0x00000d59   Thumb Code    12  joystick.o(i.forward)
    fpu_init                                 0x00000d65   Thumb Code    62  system_lpc407x_8x_177x_8x.o(i.fpu_init)
    frontLeds                                0x00000db5   Thumb Code    34  joystick.o(i.frontLeds)
    init                                     0x00000ddd   Thumb Code    60  main.o(i.init)
    leftBackward                             0x00000e21   Thumb Code    16  joystick.o(i.leftBackward)
    leftForward                              0x00000e31   Thumb Code    16  joystick.o(i.leftForward)
    leftLeds                                 0x00000e41   Thumb Code    36  joystick.o(i.leftLeds)
    leftStop                                 0x00000e69   Thumb Code    16  joystick.o(i.leftStop)
    main                                     0x00000e79   Thumb Code    12  main.o(i.main)
    rightBackward                            0x00000e85   Thumb Code    16  joystick.o(i.rightBackward)
    rightForward                             0x00000e95   Thumb Code    16  joystick.o(i.rightForward)
    rightLeds                                0x00000ea5   Thumb Code    36  joystick.o(i.rightLeds)
    rightStop                                0x00000ecd   Thumb Code    16  joystick.o(i.rightStop)
    stop                                     0x00000edd   Thumb Code    12  joystick.o(i.stop)
    turnOffLeds                              0x00000ee9   Thumb Code    34  joystick.o(i.turnOffLeds)
    update                                   0x00000f11   Thumb Code   910  main.o(i.update)
    Region$$Table$$Base                      0x000012d4   Number         0  anon$$obj.o(Region$$Table)
    Region$$Table$$Limit                     0x000012f4   Number         0  anon$$obj.o(Region$$Table)
    obstacleEscape                           0x10000000   Data           1  main.o(.data)
    lightEscape                              0x10000001   Data           1  main.o(.data)
    forwardFlag                              0x10000008   Data           1  joystick.o(.data)
    ledState                                 0x10000009   Data           1  timer.o(.data)
    isUltrasonicSensorTriggerEnded           0x1000000c   Data           1  ultrasonic.o(.data)
    ultrasonicSensorEdgeCount                0x1000000d   Data           1  ultrasonic.o(.data)
    ultrasonicSensorRisingTime               0x10000010   Data           4  ultrasonic.o(.data)
    ultrasonicSensorFallingTime              0x10000014   Data           4  ultrasonic.o(.data)
    ultrasonicSensorDuration                 0x10000018   Data           4  ultrasonic.o(.data)
    ultrasonicSensorDistance                 0x1000001c   Data           4  ultrasonic.o(.data)
    currentMode                              0x10000020   Data           1  external.o(.data)
    trimpot                                  0x10000024   Data           4  adc.o(.data)
    ldrLeft                                  0x10000028   Data           4  adc.o(.data)
    ldrRight                                 0x1000002c   Data           4  adc.o(.data)
    SystemCoreClock                          0x10000030   Data           4  system_lpc407x_8x_177x_8x.o(.data)
    PeripheralClock                          0x10000034   Data           4  system_lpc407x_8x_177x_8x.o(.data)
    EMCClock                                 0x10000038   Data           4  system_lpc407x_8x_177x_8x.o(.data)
    USBClock                                 0x1000003c   Data           4  system_lpc407x_8x_177x_8x.o(.data)
    __initial_sp                             0x10000440   Data           0  startup_lpc407x_8x_177x_8x.o(STACK)



==============================================================================

Memory Map of the image

  Image Entry point : 0x000000f9

  Load Region LR_1 (Base: 0x00000000, Size: 0x00001334, Max: 0xffffffff, ABSOLUTE)

    Execution Region ER_RO (Exec base: 0x00000000, Load base: 0x00000000, Size: 0x000012f4, Max: 0xffffffff, ABSOLUTE)

    Exec Addr    Load Addr    Size         Type   Attr      Idx    E Section Name        Object

    0x00000000   0x00000000   0x000000e4   Data   RO          606    RESET               startup_lpc407x_8x_177x_8x.o
    0x000000e4   0x000000e4   0x00000000   Code   RO          656  * .ARM.Collect$$$$00000000  mc_w.l(entry.o)
    0x000000e4   0x000000e4   0x00000004   Code   RO          659    .ARM.Collect$$$$00000001  mc_w.l(entry2.o)
    0x000000e8   0x000000e8   0x00000004   Code   RO          662    .ARM.Collect$$$$00000004  mc_w.l(entry5.o)
    0x000000ec   0x000000ec   0x00000000   Code   RO          664    .ARM.Collect$$$$00000008  mc_w.l(entry7b.o)
    0x000000ec   0x000000ec   0x00000000   Code   RO          666    .ARM.Collect$$$$0000000A  mc_w.l(entry8b.o)
    0x000000ec   0x000000ec   0x00000008   Code   RO          667    .ARM.Collect$$$$0000000B  mc_w.l(entry9a.o)
    0x000000f4   0x000000f4   0x00000000   Code   RO          669    .ARM.Collect$$$$0000000D  mc_w.l(entry10a.o)
    0x000000f4   0x000000f4   0x00000000   Code   RO          671    .ARM.Collect$$$$0000000F  mc_w.l(entry11a.o)
    0x000000f4   0x000000f4   0x00000004   Code   RO          660    .ARM.Collect$$$$00002712  mc_w.l(entry2.o)
    0x000000f8   0x000000f8   0x00000024   Code   RO          608  * .text               startup_lpc407x_8x_177x_8x.o
    0x0000011c   0x0000011c   0x00000024   Code   RO          673    .text               mc_w.l(init.o)
    0x00000140   0x00000140   0x0000008c   Code   RO          547    i.ADC_Init          adc.o
    0x000001cc   0x000001cc   0x00000014   Code   RO          548    i.ADC_Start         adc.o
    0x000001e0   0x000001e0   0x00000018   Code   RO          549    i.ADC_Stop          adc.o
    0x000001f8   0x000001f8   0x00000030   Code   RO          507    i.EINT0_IRQHandler  external.o
    0x00000228   0x00000228   0x00000012   Code   RO          104    i.GPIO_DIR_Write    gpio.o
    0x0000023a   0x0000023a   0x0000000a   Code   RO          105    i.GPIO_PIN_Read     gpio.o
    0x00000244   0x00000244   0x00000012   Code   RO          106    i.GPIO_PIN_Write    gpio.o
    0x00000256   0x00000256   0x00000002   PAD
    0x00000258   0x00000258   0x00000014   Code   RO          143    i.IN1_Write         joystick.o
    0x0000026c   0x0000026c   0x00000018   Code   RO          144    i.IN2_Write         joystick.o
    0x00000284   0x00000284   0x00000014   Code   RO          145    i.IN3_Write         joystick.o
    0x00000298   0x00000298   0x00000014   Code   RO          146    i.IN4_Write         joystick.o
    0x000002ac   0x000002ac   0x00000018   Code   RO          147    i.Joystick_Center_Pressed  joystick.o
    0x000002c4   0x000002c4   0x00000018   Code   RO          148    i.Joystick_Down_Pressed  joystick.o
    0x000002dc   0x000002dc   0x00000018   Code   RO          150    i.Joystick_Left_Pressed  joystick.o
    0x000002f4   0x000002f4   0x00000002   Code   RO          678    i.__scatterload_null  mc_w.l(handlers.o)
    0x000002f6   0x000002f6   0x00000006   PAD
    0x000002fc   0x000002fc   0x00000004   Code   RO          607    .ARM.__at_0x02FC    startup_lpc407x_8x_177x_8x.o
    0x00000300   0x00000300   0x0000003c   Code   RO          149    i.Joystick_Init     joystick.o
    0x0000033c   0x0000033c   0x00000018   Code   RO          151    i.Joystick_Right_Pressed  joystick.o
    0x00000354   0x00000354   0x00000018   Code   RO          152    i.Joystick_Up_Pressed  joystick.o
    0x0000036c   0x0000036c   0x00000050   Code   RO          550    i.LDR_Left_Read     adc.o
    0x000003bc   0x000003bc   0x00000050   Code   RO          551    i.LDR_Right_Read    adc.o
    0x0000040c   0x0000040c   0x00000018   Code   RO          153    i.LED1_Write        joystick.o
    0x00000424   0x00000424   0x00000014   Code   RO          154    i.LED2_Write        joystick.o
    0x00000438   0x00000438   0x00000014   Code   RO          155    i.LED3_Write        joystick.o
    0x0000044c   0x0000044c   0x00000014   Code   RO          156    i.LED4_Write        joystick.o
    0x00000460   0x00000460   0x00000030   Code   RO          157    i.LED_Init          joystick.o
    0x00000490   0x00000490   0x00000030   Code   RO          158    i.Motor_Controller_Init  joystick.o
    0x000004c0   0x000004c0   0x0000008c   Code   RO          353    i.PWM_Init          pwm.o
    0x0000054c   0x0000054c   0x00000030   Code   RO          354    i.PWM_Left          pwm.o
    0x0000057c   0x0000057c   0x00000030   Code   RO          355    i.PWM_Right         pwm.o
    0x000005ac   0x000005ac   0x0000001c   Code   RO          159    i.Push_Button_Pressed  joystick.o
    0x000005c8   0x000005c8   0x000002d4   Code   RO          617    i.SystemCoreClockUpdate  system_lpc407x_8x_177x_8x.o
    0x0000089c   0x0000089c   0x000000ec   Code   RO          618    i.SystemInit        system_lpc407x_8x_177x_8x.o
    0x00000988   0x00000988   0x00000030   Code   RO          395    i.TIMER0_IRQHandler  timer.o
    0x000009b8   0x000009b8   0x00000054   Code   RO          435    i.TIMER2_IRQHandler  ultrasonic.o
    0x00000a0c   0x00000a0c   0x00000090   Code   RO          436    i.TIMER3_IRQHandler  ultrasonic.o
    0x00000a9c   0x00000a9c   0x000000c8   Code   RO          396    i.Timer_Init        timer.o
    0x00000b64   0x00000b64   0x00000050   Code   RO          552    i.Trimpot_Read      adc.o
    0x00000bb4   0x00000bb4   0x00000060   Code   RO          437    i.Ultrasonic_Capture_Timer_Init  ultrasonic.o
    0x00000c14   0x00000c14   0x0000002c   Code   RO          438    i.Ultrasonic_Start_Trigger  ultrasonic.o
    0x00000c40   0x00000c40   0x00000090   Code   RO          439    i.Ultrasonic_Trigger_Timer_Init  ultrasonic.o
    0x00000cd0   0x00000cd0   0x0000001c   Code   RO          440    i.__NVIC_ClearPendingIRQ  ultrasonic.o
    0x00000cec   0x00000cec   0x0000001a   Code   RO          441    i.__NVIC_EnableIRQ  ultrasonic.o
    0x00000d06   0x00000d06   0x0000000e   Code   RO          677    i.__scatterload_copy  mc_w.l(handlers.o)
    0x00000d14   0x00000d14   0x0000000e   Code   RO          679    i.__scatterload_zeroinit  mc_w.l(handlers.o)
    0x00000d22   0x00000d22   0x00000002   PAD
    0x00000d24   0x00000d24   0x00000028   Code   RO          160    i.backLeds          joystick.o
    0x00000d4c   0x00000d4c   0x0000000c   Code   RO          161    i.backward          joystick.o
    0x00000d58   0x00000d58   0x0000000c   Code   RO          162    i.forward           joystick.o
    0x00000d64   0x00000d64   0x00000050   Code   RO          619    i.fpu_init          system_lpc407x_8x_177x_8x.o
    0x00000db4   0x00000db4   0x00000028   Code   RO          163    i.frontLeds         joystick.o
    0x00000ddc   0x00000ddc   0x00000044   Code   RO            4    i.init              main.o
    0x00000e20   0x00000e20   0x00000010   Code   RO          164    i.leftBackward      joystick.o
    0x00000e30   0x00000e30   0x00000010   Code   RO          165    i.leftForward       joystick.o
    0x00000e40   0x00000e40   0x00000028   Code   RO          166    i.leftLeds          joystick.o
    0x00000e68   0x00000e68   0x00000010   Code   RO          167    i.leftStop          joystick.o
    0x00000e78   0x00000e78   0x0000000c   Code   RO            5    i.main              main.o
    0x00000e84   0x00000e84   0x00000010   Code   RO          168    i.rightBackward     joystick.o
    0x00000e94   0x00000e94   0x00000010   Code   RO          169    i.rightForward      joystick.o
    0x00000ea4   0x00000ea4   0x00000028   Code   RO          170    i.rightLeds         joystick.o
    0x00000ecc   0x00000ecc   0x00000010   Code   RO          171    i.rightStop         joystick.o
    0x00000edc   0x00000edc   0x0000000c   Code   RO          172    i.stop              joystick.o
    0x00000ee8   0x00000ee8   0x00000028   Code   RO          173    i.turnOffLeds       joystick.o
    0x00000f10   0x00000f10   0x000003c4   Code   RO            6    i.update            main.o
    0x000012d4   0x000012d4   0x00000020   Data   RO          675    Region$$Table       anon$$obj.o


    Execution Region ER_RW (Exec base: 0x10000000, Load base: 0x000012f4, Size: 0x00000040, Max: 0xffffffff, ABSOLUTE)

    Exec Addr    Load Addr    Size         Type   Attr      Idx    E Section Name        Object

    0x10000000   0x000012f4   0x00000008   Data   RW            7    .data               main.o
    0x10000008   0x000012fc   0x00000001   Data   RW          174    .data               joystick.o
    0x10000009   0x000012fd   0x00000001   Data   RW          397    .data               timer.o
    0x1000000a   0x000012fe   0x00000002   PAD
    0x1000000c   0x00001300   0x00000014   Data   RW          442    .data               ultrasonic.o
    0x10000020   0x00001314   0x00000001   Data   RW          509    .data               external.o
    0x10000021   0x00001315   0x00000003   PAD
    0x10000024   0x00001318   0x0000000c   Data   RW          553    .data               adc.o
    0x10000030   0x00001324   0x00000010   Data   RW          620    .data               system_lpc407x_8x_177x_8x.o


    Execution Region ER_ZI (Exec base: 0x10000040, Load base: 0x00001334, Size: 0x00000400, Max: 0xffffffff, ABSOLUTE)

    Exec Addr    Load Addr    Size         Type   Attr      Idx    E Section Name        Object

    0x10000040        -       0x00000400   Zero   RW          604    STACK               startup_lpc407x_8x_177x_8x.o


==============================================================================

Image component sizes


      Code (inc. data)   RO Data    RW Data    ZI Data      Debug   Object Name

       424         44          0         12          0       3317   adc.o
        48         12          0          1          0        653   external.o
        46          0          0          0          0       2810   gpio.o
       804        102          0          1          0      15319   joystick.o
      1044         62          0          8          0      29092   main.o
       236         26          0          0          0       1458   pwm.o
        40         12        228          0       1024       1072   startup_lpc407x_8x_177x_8x.o
      1040         62          0         16          0       4540   system_lpc407x_8x_177x_8x.o
       248         24          0          1          0      31595   timer.o
       566         78          0         20          0      34550   ultrasonic.o

    ----------------------------------------------------------------------
      4498        422        260         64       1024     124406   Object Totals
         0          0         32          0          0          0   (incl. Generated)
         2          0          0          5          0          0   (incl. Padding)

    ----------------------------------------------------------------------

      Code (inc. data)   RO Data    RW Data    ZI Data      Debug   Library Member Name

         0          0          0          0          0          0   entry.o
         0          0          0          0          0          0   entry10a.o
         0          0          0          0          0          0   entry11a.o
         8          4          0          0          0          0   entry2.o
         4          0          0          0          0          0   entry5.o
         0          0          0          0          0          0   entry7b.o
         0          0          0          0          0          0   entry8b.o
         8          4          0          0          0          0   entry9a.o
        30          0          0          0          0          0   handlers.o
        36          8          0          0          0         68   init.o

    ----------------------------------------------------------------------
        94         16          0          0          0         68   Library Totals
         8          0          0          0          0          0   (incl. Padding)

    ----------------------------------------------------------------------

      Code (inc. data)   RO Data    RW Data    ZI Data      Debug   Library Name

        86         16          0          0          0         68   mc_w.l

    ----------------------------------------------------------------------
        94         16          0          0          0         68   Library Totals

    ----------------------------------------------------------------------

==============================================================================


      Code (inc. data)   RO Data    RW Data    ZI Data      Debug   

      4592        438        260         64       1024     119178   Grand Totals
      4592        438        260         64       1024     119178   ELF Image Totals
      4592        438        260         64          0          0   ROM Totals

==============================================================================

    Total RO  Size (Code + RO Data)                 4852 (   4.74kB)
    Total RW  Size (RW Data + ZI Data)              1088 (   1.06kB)
    Total ROM Size (Code + RO Data + RW Data)       4916 (   4.80kB)

==============================================================================

