Component: ARM Compiler 5.06 update 6 (build 750) Tool: armlink [4d35ed]

==============================================================================

Section Cross References

    main.o(i.init) refers to joystick.o(i.Joystick_Init) for Joystick_Init
    main.o(i.init) refers to joystick.o(i.Motor_Controller_Init) for Motor_Controller_Init
    main.o(i.init) refers to joystick.o(i.LED_Init) for LED_Init
    main.o(i.init) refers to pwm.o(i.PWM_Init) for PWM_Init
    main.o(i.init) refers to pwm.o(i.PWM_Write) for PWM_Write
    main.o(i.init) refers to timer.o(i.Timer_Init) for Timer_Init
    main.o(i.init) refers to timer.o(.data) for previousTime
    main.o(i.main) refers to main.o(i.init) for init
    main.o(i.main) refers to main.o(i.update) for update
    main.o(i.update) refers to pwm.o(i.PWM_Write) for PWM_Write
    main.o(i.update) refers to joystick.o(i.Joystick_Up_Pressed) for Joystick_Up_Pressed
    main.o(i.update) refers to joystick.o(i.Joystick_Down_Pressed) for Joystick_Down_Pressed
    main.o(i.update) refers to joystick.o(i.Joystick_Left_Pressed) for Joystick_Left_Pressed
    main.o(i.update) refers to joystick.o(i.Joystick_Right_Pressed) for Joystick_Right_Pressed
    main.o(i.update) refers to joystick.o(i.Joystick_Center_Pressed) for Joystick_Center_Pressed
    main.o(i.update) refers to joystick.o(i.IN1_Write) for IN1_Write
    main.o(i.update) refers to joystick.o(i.IN2_Write) for IN2_Write
    main.o(i.update) refers to joystick.o(i.IN3_Write) for IN3_Write
    main.o(i.update) refers to joystick.o(i.IN4_Write) for IN4_Write
    main.o(i.update) refers to joystick.o(i.LED1_Write) for LED1_Write
    main.o(i.update) refers to joystick.o(i.LED2_Write) for LED2_Write
    main.o(i.update) refers to joystick.o(i.LED3_Write) for LED3_Write
    main.o(i.update) refers to joystick.o(i.LED4_Write) for LED4_Write
    main.o(i.update) refers to main.o(.data) for ROTcounter
    joystick.o(i.IN1_Write) refers to gpio.o(i.GPIO_PIN_Write) for GPIO_PIN_Write
    joystick.o(i.IN2_Write) refers to gpio.o(i.GPIO_PIN_Write) for GPIO_PIN_Write
    joystick.o(i.IN3_Write) refers to gpio.o(i.GPIO_PIN_Write) for GPIO_PIN_Write
    joystick.o(i.IN4_Write) refers to gpio.o(i.GPIO_PIN_Write) for GPIO_PIN_Write
    joystick.o(i.Joystick_Center_Pressed) refers to gpio.o(i.GPIO_PIN_Read) for GPIO_PIN_Read
    joystick.o(i.Joystick_Down_Pressed) refers to gpio.o(i.GPIO_PIN_Read) for GPIO_PIN_Read
    joystick.o(i.Joystick_Init) refers to gpio.o(i.GPIO_DIR_Write) for GPIO_DIR_Write
    joystick.o(i.Joystick_Left_Pressed) refers to gpio.o(i.GPIO_PIN_Read) for GPIO_PIN_Read
    joystick.o(i.Joystick_Right_Pressed) refers to gpio.o(i.GPIO_PIN_Read) for GPIO_PIN_Read
    joystick.o(i.Joystick_Up_Pressed) refers to gpio.o(i.GPIO_PIN_Read) for GPIO_PIN_Read
    joystick.o(i.LED1_Write) refers to gpio.o(i.GPIO_PIN_Write) for GPIO_PIN_Write
    joystick.o(i.LED2_Write) refers to gpio.o(i.GPIO_PIN_Write) for GPIO_PIN_Write
    joystick.o(i.LED3_Write) refers to gpio.o(i.GPIO_PIN_Write) for GPIO_PIN_Write
    joystick.o(i.LED4_Write) refers to gpio.o(i.GPIO_PIN_Write) for GPIO_PIN_Write
    joystick.o(i.LED_Init) refers to gpio.o(i.GPIO_DIR_Write) for GPIO_DIR_Write
    joystick.o(i.Motor_Controller_Init) refers to gpio.o(i.GPIO_DIR_Write) for GPIO_DIR_Write
    pwm.o(i.PWM_Init) refers to pwm.o(i.PWM_Write) for PWM_Write
    startup_lpc407x_8x_177x_8x.o(RESET) refers to startup_lpc407x_8x_177x_8x.o(STACK) for __initial_sp
    startup_lpc407x_8x_177x_8x.o(RESET) refers to startup_lpc407x_8x_177x_8x.o(.text) for Reset_Handler
    startup_lpc407x_8x_177x_8x.o(.text) refers to system_lpc407x_8x_177x_8x.o(i.SystemInit) for SystemInit
    startup_lpc407x_8x_177x_8x.o(.text) refers to entry.o(.ARM.Collect$$$$00000000) for __main
    system_lpc407x_8x_177x_8x.o(i.SystemCoreClockUpdate) refers to system_lpc407x_8x_177x_8x.o(.data) for SystemCoreClock
    system_lpc407x_8x_177x_8x.o(i.SystemInit) refers to system_lpc407x_8x_177x_8x.o(i.fpu_init) for fpu_init
    system_lpc407x_8x_177x_8x.o(i.SystemInit) refers to system_lpc407x_8x_177x_8x.o(i.SystemCoreClockUpdate) for SystemCoreClockUpdate
    entry.o(.ARM.Collect$$$$00000000) refers (Special) to entry10a.o(.ARM.Collect$$$$0000000D) for __rt_final_cpp
    entry.o(.ARM.Collect$$$$00000000) refers (Special) to entry11a.o(.ARM.Collect$$$$0000000F) for __rt_final_exit
    entry.o(.ARM.Collect$$$$00000000) refers (Special) to entry7b.o(.ARM.Collect$$$$00000008) for _main_clock
    entry.o(.ARM.Collect$$$$00000000) refers (Special) to entry8b.o(.ARM.Collect$$$$0000000A) for _main_cpp_init
    entry.o(.ARM.Collect$$$$00000000) refers (Special) to entry9a.o(.ARM.Collect$$$$0000000B) for _main_init
    entry.o(.ARM.Collect$$$$00000000) refers (Special) to entry5.o(.ARM.Collect$$$$00000004) for _main_scatterload
    entry.o(.ARM.Collect$$$$00000000) refers (Special) to entry2.o(.ARM.Collect$$$$00000001) for _main_stk
    entry2.o(.ARM.Collect$$$$00000001) refers to entry2.o(.ARM.Collect$$$$00002712) for __lit__00000000
    entry2.o(.ARM.Collect$$$$00002712) refers to startup_lpc407x_8x_177x_8x.o(STACK) for __initial_sp
    entry2.o(__vectab_stack_and_reset_area) refers to startup_lpc407x_8x_177x_8x.o(STACK) for __initial_sp
    entry2.o(__vectab_stack_and_reset_area) refers to entry.o(.ARM.Collect$$$$00000000) for __main
    entry5.o(.ARM.Collect$$$$00000004) refers to init.o(.text) for __scatterload
    entry9a.o(.ARM.Collect$$$$0000000B) refers to main.o(i.main) for main
    entry9b.o(.ARM.Collect$$$$0000000C) refers to main.o(i.main) for main
    init.o(.text) refers to entry5.o(.ARM.Collect$$$$00000004) for __main_after_scatterload


==============================================================================

Removing Unused input sections from the image.

    Removing main.o(.rev16_text), (4 bytes).
    Removing main.o(.revsh_text), (4 bytes).
    Removing main.o(.rrx_text), (6 bytes).
    Removing gpio.o(.rev16_text), (4 bytes).
    Removing gpio.o(.revsh_text), (4 bytes).
    Removing gpio.o(.rrx_text), (6 bytes).
    Removing joystick.o(.rev16_text), (4 bytes).
    Removing joystick.o(.revsh_text), (4 bytes).
    Removing joystick.o(.rrx_text), (6 bytes).
    Removing pwm.o(.rev16_text), (4 bytes).
    Removing pwm.o(.revsh_text), (4 bytes).
    Removing pwm.o(.rrx_text), (6 bytes).
    Removing pwm.o(i.PWM_Cycle_Rate), (32 bytes).
    Removing timer.o(.rev16_text), (4 bytes).
    Removing timer.o(.revsh_text), (4 bytes).
    Removing timer.o(.rrx_text), (6 bytes).
    Removing startup_lpc407x_8x_177x_8x.o(HEAP), (0 bytes).
    Removing system_lpc407x_8x_177x_8x.o(.rev16_text), (4 bytes).
    Removing system_lpc407x_8x_177x_8x.o(.revsh_text), (4 bytes).
    Removing system_lpc407x_8x_177x_8x.o(.rrx_text), (6 bytes).

20 unused section(s) (total 116 bytes) removed from the image.

==============================================================================

Image Symbol Table

    Local Symbols

    Symbol Name                              Value     Ov Type        Size  Object(Section)

    RESET                                    0x00000000   Section      228  startup_lpc407x_8x_177x_8x.o(RESET)
    ../clib/microlib/init/entry.s            0x00000000   Number         0  entry11a.o ABSOLUTE
    ../clib/microlib/init/entry.s            0x00000000   Number         0  entry11b.o ABSOLUTE
    ../clib/microlib/init/entry.s            0x00000000   Number         0  entry.o ABSOLUTE
    ../clib/microlib/init/entry.s            0x00000000   Number         0  entry10a.o ABSOLUTE
    ../clib/microlib/init/entry.s            0x00000000   Number         0  entry9b.o ABSOLUTE
    ../clib/microlib/init/entry.s            0x00000000   Number         0  entry9a.o ABSOLUTE
    ../clib/microlib/init/entry.s            0x00000000   Number         0  entry8b.o ABSOLUTE
    ../clib/microlib/init/entry.s            0x00000000   Number         0  entry8a.o ABSOLUTE
    ../clib/microlib/init/entry.s            0x00000000   Number         0  entry10b.o ABSOLUTE
    ../clib/microlib/init/entry.s            0x00000000   Number         0  entry7b.o ABSOLUTE
    ../clib/microlib/init/entry.s            0x00000000   Number         0  entry7a.o ABSOLUTE
    ../clib/microlib/init/entry.s            0x00000000   Number         0  entry5.o ABSOLUTE
    ../clib/microlib/init/entry.s            0x00000000   Number         0  entry2.o ABSOLUTE
    Library\GPIO.c                           0x00000000   Number         0  gpio.o ABSOLUTE
    Library\Joystick.c                       0x00000000   Number         0  joystick.o ABSOLUTE
    Library\PWM.c                            0x00000000   Number         0  pwm.o ABSOLUTE
    Library\Timer.c                          0x00000000   Number         0  timer.o ABSOLUTE
    Library\\GPIO.c                          0x00000000   Number         0  gpio.o ABSOLUTE
    Library\\Joystick.c                      0x00000000   Number         0  joystick.o ABSOLUTE
    Library\\PWM.c                           0x00000000   Number         0  pwm.o ABSOLUTE
    Library\\Timer.c                         0x00000000   Number         0  timer.o ABSOLUTE
    RTE\Device\LPC4088FET208\startup_LPC407x_8x_177x_8x.s 0x00000000   Number         0  startup_lpc407x_8x_177x_8x.o ABSOLUTE
    RTE\Device\LPC4088FET208\system_LPC407x_8x_177x_8x.c 0x00000000   Number         0  system_lpc407x_8x_177x_8x.o ABSOLUTE
    RTE\\Device\\LPC4088FET208\\system_LPC407x_8x_177x_8x.c 0x00000000   Number         0  system_lpc407x_8x_177x_8x.o ABSOLUTE
    dc.s                                     0x00000000   Number         0  dc.o ABSOLUTE
    handlers.s                               0x00000000   Number         0  handlers.o ABSOLUTE
    init.s                                   0x00000000   Number         0  init.o ABSOLUTE
    main.c                                   0x00000000   Number         0  main.o ABSOLUTE
    main.c                                   0x00000000   Number         0  main.o ABSOLUTE
    .ARM.Collect$$$$00000000                 0x000000e4   Section        0  entry.o(.ARM.Collect$$$$00000000)
    .ARM.Collect$$$$00000001                 0x000000e4   Section        4  entry2.o(.ARM.Collect$$$$00000001)
    .ARM.Collect$$$$00000004                 0x000000e8   Section        4  entry5.o(.ARM.Collect$$$$00000004)
    .ARM.Collect$$$$00000008                 0x000000ec   Section        0  entry7b.o(.ARM.Collect$$$$00000008)
    .ARM.Collect$$$$0000000A                 0x000000ec   Section        0  entry8b.o(.ARM.Collect$$$$0000000A)
    .ARM.Collect$$$$0000000B                 0x000000ec   Section        8  entry9a.o(.ARM.Collect$$$$0000000B)
    .ARM.Collect$$$$0000000D                 0x000000f4   Section        0  entry10a.o(.ARM.Collect$$$$0000000D)
    .ARM.Collect$$$$0000000F                 0x000000f4   Section        0  entry11a.o(.ARM.Collect$$$$0000000F)
    .ARM.Collect$$$$00002712                 0x000000f4   Section        4  entry2.o(.ARM.Collect$$$$00002712)
    __lit__00000000                          0x000000f4   Data           4  entry2.o(.ARM.Collect$$$$00002712)
    .text                                    0x000000f8   Section       36  startup_lpc407x_8x_177x_8x.o(.text)
    $v0                                      0x000000f8   Number         0  startup_lpc407x_8x_177x_8x.o(.text)
    .text                                    0x0000011c   Section       36  init.o(.text)
    i.GPIO_DIR_Write                         0x00000140   Section        0  gpio.o(i.GPIO_DIR_Write)
    i.GPIO_PIN_Read                          0x00000152   Section        0  gpio.o(i.GPIO_PIN_Read)
    i.GPIO_PIN_Write                         0x0000015c   Section        0  gpio.o(i.GPIO_PIN_Write)
    i.IN1_Write                              0x00000170   Section        0  joystick.o(i.IN1_Write)
    i.IN2_Write                              0x00000184   Section        0  joystick.o(i.IN2_Write)
    i.IN3_Write                              0x0000019c   Section        0  joystick.o(i.IN3_Write)
    i.IN4_Write                              0x000001b4   Section        0  joystick.o(i.IN4_Write)
    i.Joystick_Center_Pressed                0x000001cc   Section        0  joystick.o(i.Joystick_Center_Pressed)
    i.Joystick_Down_Pressed                  0x000001e4   Section        0  joystick.o(i.Joystick_Down_Pressed)
    i.Joystick_Init                          0x000001fc   Section        0  joystick.o(i.Joystick_Init)
    i.Joystick_Left_Pressed                  0x00000238   Section        0  joystick.o(i.Joystick_Left_Pressed)
    i.Joystick_Right_Pressed                 0x00000250   Section        0  joystick.o(i.Joystick_Right_Pressed)
    i.Joystick_Up_Pressed                    0x00000268   Section        0  joystick.o(i.Joystick_Up_Pressed)
    i.LED1_Write                             0x00000280   Section        0  joystick.o(i.LED1_Write)
    i.LED2_Write                             0x00000294   Section        0  joystick.o(i.LED2_Write)
    i.LED3_Write                             0x000002ac   Section        0  joystick.o(i.LED3_Write)
    i.LED4_Write                             0x000002c4   Section        0  joystick.o(i.LED4_Write)
    i.__scatterload_copy                     0x000002d8   Section       14  handlers.o(i.__scatterload_copy)
    i.__scatterload_null                     0x000002e6   Section        2  handlers.o(i.__scatterload_null)
    i.__scatterload_zeroinit                 0x000002e8   Section       14  handlers.o(i.__scatterload_zeroinit)
    .ARM.__at_0x02FC                         0x000002fc   Section        4  startup_lpc407x_8x_177x_8x.o(.ARM.__at_0x02FC)
    i.LED_Init                               0x00000300   Section        0  joystick.o(i.LED_Init)
    i.Motor_Controller_Init                  0x00000330   Section        0  joystick.o(i.Motor_Controller_Init)
    i.PWM_Init                               0x00000360   Section        0  pwm.o(i.PWM_Init)
    i.PWM_Write                              0x000003e8   Section        0  pwm.o(i.PWM_Write)
    i.SystemCoreClockUpdate                  0x00000418   Section        0  system_lpc407x_8x_177x_8x.o(i.SystemCoreClockUpdate)
    i.SystemInit                             0x000006ec   Section        0  system_lpc407x_8x_177x_8x.o(i.SystemInit)
    i.Timer_Init                             0x000007d8   Section        0  timer.o(i.Timer_Init)
    i.fpu_init                               0x00000844   Section        0  system_lpc407x_8x_177x_8x.o(i.fpu_init)
    i.init                                   0x00000894   Section        0  main.o(i.init)
    i.main                                   0x000008bc   Section        0  main.o(i.main)
    i.update                                 0x000008c8   Section        0  main.o(i.update)
    .data                                    0x10000000   Section       12  main.o(.data)
    .data                                    0x1000000c   Section       12  timer.o(.data)
    .data                                    0x10000018   Section       16  system_lpc407x_8x_177x_8x.o(.data)
    STACK                                    0x10000028   Section     1024  startup_lpc407x_8x_177x_8x.o(STACK)

    Global Symbols

    Symbol Name                              Value     Ov Type        Size  Object(Section)

    BuildAttributes$$THM_ISAv4$E$P$D$K$B$S$7EM$VFPi3$EXTD16$VFPS$VFMA$PE$A:L22UL41UL21$X:L11$S22US41US21$IEEE1$IW$USESV6$~STKCKD$USESV7$~SHL$OSPACE$EBA8$MICROLIB$REQ8$PRES8$EABIv2 0x00000000   Number         0  anon$$obj.o ABSOLUTE
    __ARM_use_no_argv                        0x00000000   Number         0  main.o ABSOLUTE
    __Vectors                                0x00000000   Data           4  startup_lpc407x_8x_177x_8x.o(RESET)
    __cpp_initialize__aeabi_                  - Undefined Weak Reference
    __cxa_finalize                            - Undefined Weak Reference
    __decompress                              - Undefined Weak Reference
    _clock_init                               - Undefined Weak Reference
    _microlib_exit                            - Undefined Weak Reference
    __main                                   0x000000e5   Thumb Code     0  entry.o(.ARM.Collect$$$$00000000)
    _main_stk                                0x000000e5   Thumb Code     0  entry2.o(.ARM.Collect$$$$00000001)
    _main_scatterload                        0x000000e9   Thumb Code     0  entry5.o(.ARM.Collect$$$$00000004)
    __main_after_scatterload                 0x000000ed   Thumb Code     0  entry5.o(.ARM.Collect$$$$00000004)
    _main_clock                              0x000000ed   Thumb Code     0  entry7b.o(.ARM.Collect$$$$00000008)
    _main_cpp_init                           0x000000ed   Thumb Code     0  entry8b.o(.ARM.Collect$$$$0000000A)
    _main_init                               0x000000ed   Thumb Code     0  entry9a.o(.ARM.Collect$$$$0000000B)
    __rt_final_cpp                           0x000000f5   Thumb Code     0  entry10a.o(.ARM.Collect$$$$0000000D)
    __rt_final_exit                          0x000000f5   Thumb Code     0  entry11a.o(.ARM.Collect$$$$0000000F)
    Reset_Handler                            0x000000f9   Thumb Code     8  startup_lpc407x_8x_177x_8x.o(.text)
    NMI_Handler                              0x00000101   Thumb Code     2  startup_lpc407x_8x_177x_8x.o(.text)
    HardFault_Handler                        0x00000103   Thumb Code     2  startup_lpc407x_8x_177x_8x.o(.text)
    MemManage_Handler                        0x00000105   Thumb Code     2  startup_lpc407x_8x_177x_8x.o(.text)
    BusFault_Handler                         0x00000107   Thumb Code     2  startup_lpc407x_8x_177x_8x.o(.text)
    UsageFault_Handler                       0x00000109   Thumb Code     2  startup_lpc407x_8x_177x_8x.o(.text)
    SVC_Handler                              0x0000010b   Thumb Code     2  startup_lpc407x_8x_177x_8x.o(.text)
    DebugMon_Handler                         0x0000010d   Thumb Code     2  startup_lpc407x_8x_177x_8x.o(.text)
    PendSV_Handler                           0x0000010f   Thumb Code     2  startup_lpc407x_8x_177x_8x.o(.text)
    SysTick_Handler                          0x00000111   Thumb Code     2  startup_lpc407x_8x_177x_8x.o(.text)
    ADC_IRQHandler                           0x00000113   Thumb Code     0  startup_lpc407x_8x_177x_8x.o(.text)
    BOD_IRQHandler                           0x00000113   Thumb Code     0  startup_lpc407x_8x_177x_8x.o(.text)
    CANActivity_IRQHandler                   0x00000113   Thumb Code     0  startup_lpc407x_8x_177x_8x.o(.text)
    CAN_IRQHandler                           0x00000113   Thumb Code     0  startup_lpc407x_8x_177x_8x.o(.text)
    DMA_IRQHandler                           0x00000113   Thumb Code     0  startup_lpc407x_8x_177x_8x.o(.text)
    EEPROM_IRQHandler                        0x00000113   Thumb Code     0  startup_lpc407x_8x_177x_8x.o(.text)
    EINT0_IRQHandler                         0x00000113   Thumb Code     0  startup_lpc407x_8x_177x_8x.o(.text)
    EINT1_IRQHandler                         0x00000113   Thumb Code     0  startup_lpc407x_8x_177x_8x.o(.text)
    EINT2_IRQHandler                         0x00000113   Thumb Code     0  startup_lpc407x_8x_177x_8x.o(.text)
    EINT3_IRQHandler                         0x00000113   Thumb Code     0  startup_lpc407x_8x_177x_8x.o(.text)
    ENET_IRQHandler                          0x00000113   Thumb Code     0  startup_lpc407x_8x_177x_8x.o(.text)
    GPIO_IRQHandler                          0x00000113   Thumb Code     0  startup_lpc407x_8x_177x_8x.o(.text)
    I2C0_IRQHandler                          0x00000113   Thumb Code     0  startup_lpc407x_8x_177x_8x.o(.text)
    I2C1_IRQHandler                          0x00000113   Thumb Code     0  startup_lpc407x_8x_177x_8x.o(.text)
    I2C2_IRQHandler                          0x00000113   Thumb Code     0  startup_lpc407x_8x_177x_8x.o(.text)
    I2S_IRQHandler                           0x00000113   Thumb Code     0  startup_lpc407x_8x_177x_8x.o(.text)
    LCD_IRQHandler                           0x00000113   Thumb Code     0  startup_lpc407x_8x_177x_8x.o(.text)
    MCI_IRQHandler                           0x00000113   Thumb Code     0  startup_lpc407x_8x_177x_8x.o(.text)
    MCPWM_IRQHandler                         0x00000113   Thumb Code     0  startup_lpc407x_8x_177x_8x.o(.text)
    PLL0_IRQHandler                          0x00000113   Thumb Code     0  startup_lpc407x_8x_177x_8x.o(.text)
    PLL1_IRQHandler                          0x00000113   Thumb Code     0  startup_lpc407x_8x_177x_8x.o(.text)
    PWM0_IRQHandler                          0x00000113   Thumb Code     0  startup_lpc407x_8x_177x_8x.o(.text)
    PWM1_IRQHandler                          0x00000113   Thumb Code     0  startup_lpc407x_8x_177x_8x.o(.text)
    QEI_IRQHandler                           0x00000113   Thumb Code     0  startup_lpc407x_8x_177x_8x.o(.text)
    RTC_IRQHandler                           0x00000113   Thumb Code     0  startup_lpc407x_8x_177x_8x.o(.text)
    SSP0_IRQHandler                          0x00000113   Thumb Code     0  startup_lpc407x_8x_177x_8x.o(.text)
    SSP1_IRQHandler                          0x00000113   Thumb Code     0  startup_lpc407x_8x_177x_8x.o(.text)
    SSP2_IRQHandler                          0x00000113   Thumb Code     0  startup_lpc407x_8x_177x_8x.o(.text)
    TIMER0_IRQHandler                        0x00000113   Thumb Code     0  startup_lpc407x_8x_177x_8x.o(.text)
    TIMER1_IRQHandler                        0x00000113   Thumb Code     0  startup_lpc407x_8x_177x_8x.o(.text)
    TIMER2_IRQHandler                        0x00000113   Thumb Code     0  startup_lpc407x_8x_177x_8x.o(.text)
    TIMER3_IRQHandler                        0x00000113   Thumb Code     0  startup_lpc407x_8x_177x_8x.o(.text)
    UART0_IRQHandler                         0x00000113   Thumb Code     0  startup_lpc407x_8x_177x_8x.o(.text)
    UART1_IRQHandler                         0x00000113   Thumb Code     0  startup_lpc407x_8x_177x_8x.o(.text)
    UART2_IRQHandler                         0x00000113   Thumb Code     0  startup_lpc407x_8x_177x_8x.o(.text)
    UART3_IRQHandler                         0x00000113   Thumb Code     0  startup_lpc407x_8x_177x_8x.o(.text)
    UART4_IRQHandler                         0x00000113   Thumb Code     0  startup_lpc407x_8x_177x_8x.o(.text)
    USBActivity_IRQHandler                   0x00000113   Thumb Code     0  startup_lpc407x_8x_177x_8x.o(.text)
    USB_IRQHandler                           0x00000113   Thumb Code     0  startup_lpc407x_8x_177x_8x.o(.text)
    WDT_IRQHandler                           0x00000113   Thumb Code     0  startup_lpc407x_8x_177x_8x.o(.text)
    __scatterload                            0x0000011d   Thumb Code    28  init.o(.text)
    __scatterload_rt2                        0x0000011d   Thumb Code     0  init.o(.text)
    GPIO_DIR_Write                           0x00000141   Thumb Code    18  gpio.o(i.GPIO_DIR_Write)
    GPIO_PIN_Read                            0x00000153   Thumb Code    10  gpio.o(i.GPIO_PIN_Read)
    GPIO_PIN_Write                           0x0000015d   Thumb Code    18  gpio.o(i.GPIO_PIN_Write)
    IN1_Write                                0x00000171   Thumb Code    16  joystick.o(i.IN1_Write)
    IN2_Write                                0x00000185   Thumb Code    18  joystick.o(i.IN2_Write)
    IN3_Write                                0x0000019d   Thumb Code    18  joystick.o(i.IN3_Write)
    IN4_Write                                0x000001b5   Thumb Code    18  joystick.o(i.IN4_Write)
    Joystick_Center_Pressed                  0x000001cd   Thumb Code    20  joystick.o(i.Joystick_Center_Pressed)
    Joystick_Down_Pressed                    0x000001e5   Thumb Code    20  joystick.o(i.Joystick_Down_Pressed)
    Joystick_Init                            0x000001fd   Thumb Code    54  joystick.o(i.Joystick_Init)
    Joystick_Left_Pressed                    0x00000239   Thumb Code    20  joystick.o(i.Joystick_Left_Pressed)
    Joystick_Right_Pressed                   0x00000251   Thumb Code    20  joystick.o(i.Joystick_Right_Pressed)
    Joystick_Up_Pressed                      0x00000269   Thumb Code    20  joystick.o(i.Joystick_Up_Pressed)
    LED1_Write                               0x00000281   Thumb Code    16  joystick.o(i.LED1_Write)
    LED2_Write                               0x00000295   Thumb Code    18  joystick.o(i.LED2_Write)
    LED3_Write                               0x000002ad   Thumb Code    18  joystick.o(i.LED3_Write)
    LED4_Write                               0x000002c5   Thumb Code    16  joystick.o(i.LED4_Write)
    __scatterload_copy                       0x000002d9   Thumb Code    14  handlers.o(i.__scatterload_copy)
    __scatterload_null                       0x000002e7   Thumb Code     2  handlers.o(i.__scatterload_null)
    __scatterload_zeroinit                   0x000002e9   Thumb Code    14  handlers.o(i.__scatterload_zeroinit)
    LED_Init                                 0x00000301   Thumb Code    44  joystick.o(i.LED_Init)
    Motor_Controller_Init                    0x00000331   Thumb Code    44  joystick.o(i.Motor_Controller_Init)
    PWM_Init                                 0x00000361   Thumb Code   120  pwm.o(i.PWM_Init)
    PWM_Write                                0x000003e9   Thumb Code    44  pwm.o(i.PWM_Write)
    SystemCoreClockUpdate                    0x00000419   Thumb Code   696  system_lpc407x_8x_177x_8x.o(i.SystemCoreClockUpdate)
    SystemInit                               0x000006ed   Thumb Code   220  system_lpc407x_8x_177x_8x.o(i.SystemInit)
    Timer_Init                               0x000007d9   Thumb Code    96  timer.o(i.Timer_Init)
    fpu_init                                 0x00000845   Thumb Code    62  system_lpc407x_8x_177x_8x.o(i.fpu_init)
    init                                     0x00000895   Thumb Code    36  main.o(i.init)
    main                                     0x000008bd   Thumb Code    12  main.o(i.main)
    update                                   0x000008c9   Thumb Code   550  main.o(i.update)
    Region$$Table$$Base                      0x00000b10   Number         0  anon$$obj.o(Region$$Table)
    Region$$Table$$Limit                     0x00000b30   Number         0  anon$$obj.o(Region$$Table)
    FORWARD_FLAG                             0x10000000   Data           1  main.o(.data)
    BACKWARD_FLAG                            0x10000001   Data           1  main.o(.data)
    TURN_LEFT_FLAG                           0x10000002   Data           1  main.o(.data)
    TURN_RIGHT_FLAG                          0x10000003   Data           1  main.o(.data)
    ROTcounter                               0x10000004   Data           4  main.o(.data)
    LEDcounter                               0x10000008   Data           4  main.o(.data)
    currentTime                              0x1000000c   Data           4  timer.o(.data)
    previousTime                             0x10000010   Data           4  timer.o(.data)
    capturedTime                             0x10000014   Data           4  timer.o(.data)
    SystemCoreClock                          0x10000018   Data           4  system_lpc407x_8x_177x_8x.o(.data)
    PeripheralClock                          0x1000001c   Data           4  system_lpc407x_8x_177x_8x.o(.data)
    EMCClock                                 0x10000020   Data           4  system_lpc407x_8x_177x_8x.o(.data)
    USBClock                                 0x10000024   Data           4  system_lpc407x_8x_177x_8x.o(.data)
    __initial_sp                             0x10000428   Data           0  startup_lpc407x_8x_177x_8x.o(STACK)



==============================================================================

Memory Map of the image

  Image Entry point : 0x000000f9

  Load Region LR_1 (Base: 0x00000000, Size: 0x00000b58, Max: 0xffffffff, ABSOLUTE)

    Execution Region ER_RO (Exec base: 0x00000000, Load base: 0x00000000, Size: 0x00000b30, Max: 0xffffffff, ABSOLUTE)

    Exec Addr    Load Addr    Size         Type   Attr      Idx    E Section Name        Object

    0x00000000   0x00000000   0x000000e4   Data   RO          318    RESET               startup_lpc407x_8x_177x_8x.o
    0x000000e4   0x000000e4   0x00000000   Code   RO          368  * .ARM.Collect$$$$00000000  mc_w.l(entry.o)
    0x000000e4   0x000000e4   0x00000004   Code   RO          371    .ARM.Collect$$$$00000001  mc_w.l(entry2.o)
    0x000000e8   0x000000e8   0x00000004   Code   RO          374    .ARM.Collect$$$$00000004  mc_w.l(entry5.o)
    0x000000ec   0x000000ec   0x00000000   Code   RO          376    .ARM.Collect$$$$00000008  mc_w.l(entry7b.o)
    0x000000ec   0x000000ec   0x00000000   Code   RO          378    .ARM.Collect$$$$0000000A  mc_w.l(entry8b.o)
    0x000000ec   0x000000ec   0x00000008   Code   RO          379    .ARM.Collect$$$$0000000B  mc_w.l(entry9a.o)
    0x000000f4   0x000000f4   0x00000000   Code   RO          381    .ARM.Collect$$$$0000000D  mc_w.l(entry10a.o)
    0x000000f4   0x000000f4   0x00000000   Code   RO          383    .ARM.Collect$$$$0000000F  mc_w.l(entry11a.o)
    0x000000f4   0x000000f4   0x00000004   Code   RO          372    .ARM.Collect$$$$00002712  mc_w.l(entry2.o)
    0x000000f8   0x000000f8   0x00000024   Code   RO          320  * .text               startup_lpc407x_8x_177x_8x.o
    0x0000011c   0x0000011c   0x00000024   Code   RO          385    .text               mc_w.l(init.o)
    0x00000140   0x00000140   0x00000012   Code   RO           91    i.GPIO_DIR_Write    gpio.o
    0x00000152   0x00000152   0x0000000a   Code   RO           92    i.GPIO_PIN_Read     gpio.o
    0x0000015c   0x0000015c   0x00000012   Code   RO           93    i.GPIO_PIN_Write    gpio.o
    0x0000016e   0x0000016e   0x00000002   PAD
    0x00000170   0x00000170   0x00000014   Code   RO          130    i.IN1_Write         joystick.o
    0x00000184   0x00000184   0x00000018   Code   RO          131    i.IN2_Write         joystick.o
    0x0000019c   0x0000019c   0x00000018   Code   RO          132    i.IN3_Write         joystick.o
    0x000001b4   0x000001b4   0x00000018   Code   RO          133    i.IN4_Write         joystick.o
    0x000001cc   0x000001cc   0x00000018   Code   RO          134    i.Joystick_Center_Pressed  joystick.o
    0x000001e4   0x000001e4   0x00000018   Code   RO          135    i.Joystick_Down_Pressed  joystick.o
    0x000001fc   0x000001fc   0x0000003c   Code   RO          136    i.Joystick_Init     joystick.o
    0x00000238   0x00000238   0x00000018   Code   RO          137    i.Joystick_Left_Pressed  joystick.o
    0x00000250   0x00000250   0x00000018   Code   RO          138    i.Joystick_Right_Pressed  joystick.o
    0x00000268   0x00000268   0x00000018   Code   RO          139    i.Joystick_Up_Pressed  joystick.o
    0x00000280   0x00000280   0x00000014   Code   RO          140    i.LED1_Write        joystick.o
    0x00000294   0x00000294   0x00000018   Code   RO          141    i.LED2_Write        joystick.o
    0x000002ac   0x000002ac   0x00000018   Code   RO          142    i.LED3_Write        joystick.o
    0x000002c4   0x000002c4   0x00000014   Code   RO          143    i.LED4_Write        joystick.o
    0x000002d8   0x000002d8   0x0000000e   Code   RO          389    i.__scatterload_copy  mc_w.l(handlers.o)
    0x000002e6   0x000002e6   0x00000002   Code   RO          390    i.__scatterload_null  mc_w.l(handlers.o)
    0x000002e8   0x000002e8   0x0000000e   Code   RO          391    i.__scatterload_zeroinit  mc_w.l(handlers.o)
    0x000002f6   0x000002f6   0x00000006   PAD
    0x000002fc   0x000002fc   0x00000004   Code   RO          319    .ARM.__at_0x02FC    startup_lpc407x_8x_177x_8x.o
    0x00000300   0x00000300   0x00000030   Code   RO          144    i.LED_Init          joystick.o
    0x00000330   0x00000330   0x00000030   Code   RO          145    i.Motor_Controller_Init  joystick.o
    0x00000360   0x00000360   0x00000088   Code   RO          248    i.PWM_Init          pwm.o
    0x000003e8   0x000003e8   0x00000030   Code   RO          249    i.PWM_Write         pwm.o
    0x00000418   0x00000418   0x000002d4   Code   RO          329    i.SystemCoreClockUpdate  system_lpc407x_8x_177x_8x.o
    0x000006ec   0x000006ec   0x000000ec   Code   RO          330    i.SystemInit        system_lpc407x_8x_177x_8x.o
    0x000007d8   0x000007d8   0x0000006c   Code   RO          289    i.Timer_Init        timer.o
    0x00000844   0x00000844   0x00000050   Code   RO          331    i.fpu_init          system_lpc407x_8x_177x_8x.o
    0x00000894   0x00000894   0x00000028   Code   RO            4    i.init              main.o
    0x000008bc   0x000008bc   0x0000000c   Code   RO            5    i.main              main.o
    0x000008c8   0x000008c8   0x00000248   Code   RO            6    i.update            main.o
    0x00000b10   0x00000b10   0x00000020   Data   RO          387    Region$$Table       anon$$obj.o


    Execution Region ER_RW (Exec base: 0x10000000, Load base: 0x00000b30, Size: 0x00000028, Max: 0xffffffff, ABSOLUTE)

    Exec Addr    Load Addr    Size         Type   Attr      Idx    E Section Name        Object

    0x10000000   0x00000b30   0x0000000c   Data   RW            7    .data               main.o
    0x1000000c   0x00000b3c   0x0000000c   Data   RW          290    .data               timer.o
    0x10000018   0x00000b48   0x00000010   Data   RW          332    .data               system_lpc407x_8x_177x_8x.o


    Execution Region ER_ZI (Exec base: 0x10000028, Load base: 0x00000b58, Size: 0x00000400, Max: 0xffffffff, ABSOLUTE)

    Exec Addr    Load Addr    Size         Type   Attr      Idx    E Section Name        Object

    0x10000028        -       0x00000400   Zero   RW          316    STACK               startup_lpc407x_8x_177x_8x.o


==============================================================================

Image component sizes


      Code (inc. data)   RO Data    RW Data    ZI Data      Debug   Object Name

        46          0          0          0          0       2814   gpio.o
       456         76          0          0          0       8092   joystick.o
       636         38          0         12          0       6617   main.o
       184         20          0          0          0        983   pwm.o
        40         12        228          0       1024       1076   startup_lpc407x_8x_177x_8x.o
      1040         62          0         16          0       4540   system_lpc407x_8x_177x_8x.o
       108         12          0         12          0        737   timer.o

    ----------------------------------------------------------------------
      2512        220        260         40       1024      24859   Object Totals
         0          0         32          0          0          0   (incl. Generated)
         2          0          0          0          0          0   (incl. Padding)

    ----------------------------------------------------------------------

      Code (inc. data)   RO Data    RW Data    ZI Data      Debug   Library Member Name

         0          0          0          0          0          0   entry.o
         0          0          0          0          0          0   entry10a.o
         0          0          0          0          0          0   entry11a.o
         8          4          0          0          0          0   entry2.o
         4          0          0          0          0          0   entry5.o
         0          0          0          0          0          0   entry7b.o
         0          0          0          0          0          0   entry8b.o
         8          4          0          0          0          0   entry9a.o
        30          0          0          0          0          0   handlers.o
        36          8          0          0          0         68   init.o

    ----------------------------------------------------------------------
        92         16          0          0          0         68   Library Totals
         6          0          0          0          0          0   (incl. Padding)

    ----------------------------------------------------------------------

      Code (inc. data)   RO Data    RW Data    ZI Data      Debug   Library Name

        86         16          0          0          0         68   mc_w.l

    ----------------------------------------------------------------------
        92         16          0          0          0         68   Library Totals

    ----------------------------------------------------------------------

==============================================================================


      Code (inc. data)   RO Data    RW Data    ZI Data      Debug   

      2604        236        260         40       1024      22731   Grand Totals
      2604        236        260         40       1024      22731   ELF Image Totals
      2604        236        260         40          0          0   ROM Totals

==============================================================================

    Total RO  Size (Code + RO Data)                 2864 (   2.80kB)
    Total RW  Size (RW Data + ZI Data)              1064 (   1.04kB)
    Total ROM Size (Code + RO Data + RW Data)       2904 (   2.84kB)

==============================================================================

